12:17:52 **** Incremental Build of configuration Debug for project Day6_1 ****
make -j4 all 
arm-none-eabi-gcc "../Src/main.c" -mcpu=cortex-m4 -std=gnu11 -g3 -DDEBUG -DSTM32 -DSTM32F407G_DISC1 -DSTM32F4 -DSTM32F407VGTx -c -I../Inc -O0 -ffunction-sections -fdata-sections -Wall -fstack-usage -fcyclomatic-complexity -MMD -MP -MF"Src/main.d" -MT"Src/main.o" --specs=nano.specs -mfpu=fpv4-sp-d16 -mfloat-abi=soft -mthumb -o "Src/main.o"
arm-none-eabi-gcc -o "Day6_1.elf" @"objects.list"   -mcpu=cortex-m4 -T"/home/anushree/Desktop/git/MCPI-Assignments/Day6_1/STM32F407VGTX_FLASH.ld" --specs=nosys.specs -Wl,-Map="Day6_1.map" -Wl,--gc-sections -static --specs=nano.specs -mfpu=fpv4-sp-d16 -mfloat-abi=soft -mthumb -Wl,--start-group -lc -lm -Wl,--end-group
Finished building target: Day6_1.elf
 
arm-none-eabi-size  Day6_1.elf 
arm-none-eabi-objdump -h -S Day6_1.elf  > "Day6_1.list"
   text	   data	    bss	    dec	    hex	filename
   4328	     84	   1908	   6320	   18b0	Day6_1.elf
Finished building: default.size.stdout
 
Finished building: Day6_1.list
 

12:17:52 Build Finished. 0 errors, 0 warnings. (took 327ms)

