07:32:55 **** Incremental Build of configuration Debug for project Day10_02 ****
make -j4 all 
arm-none-eabi-size  Day10_02.elf 
   text	   data	    bss	    dec	    hex	filename
   1364	      4	   1564	   2932	    b74	Day10_02.elf
Finished building: default.size.stdout
 
07:33:07 **** Incremental Build of configuration Debug for project Day10_02 ****
make -j4 all 
arm-none-eabi-size  Day10_02.elf 
   text	   data	    bss	    dec	    hex	filename
   1364	      4	   1564	   2932	    b74	Day10_02.elf
Finished building: default.size.stdout
 
